Hello, World!
0
1
2
3
4
5
6
7
8
9
Argument
Another argument
Ï€ = 3.14
LastArgument
